]0;~/Desktop/Academic/Utrecht/year2/thesisFiles/thesis/ownAlgo[?1034hBoazs-MacBook-Pro:ownAlgo boazsobrado$ [KBoazs-MacBook-Pro:ownAlgo boazsobrado$ git status
On branch master
Your branch is up to date with 'origin/master'.

Changes not staged for commit:
  (use "git add <file>..." to update what will be committed)
  (use "git checkout -- <file>..." to discard changes in working directory)

	[31mmodified:   ../.DS_Store[m
	[31mmodified:   points2Path.Rmd[m
	[31mmodified:   points2Path.html[m

Untracked files:
  (use "git add <file>..." to include in what will be committed)

	[31m.Rproj.user/[m
	[31mClusters.R[m
	[31mClusters.Rmd[m
	[31mClusters.html[m
	[31mcluster2points.R[m
	[31mclusterFunc.R[m
	[31mclusters.rds[m
	[31mdata2.rds[m
	[31mextractMissing.R[m
	[31mleastCommonSequence.R[m
	[31mneuralNets.R[m
	[31mownAlgo.Rproj[m
	[31mrsconnect/[m

no changes added to commit (use "git add" and/or "git commit -a")
]0;~/Desktop/Academic/Utrecht/year2/thesisFiles/thesis/ownAlgoBoazs-MacBook-Pro:ownAlgo boazsobrado$ git add -A
]0;~/Desktop/Academic/Utrecht/year2/thesisFiles/thesis/ownAlgoBoazs-MacBook-Pro:ownAlgo boazsobrado$ git commit =m [K[K[K0[K-m "ce[Kleaning script and adding fucn[K[Knctions"[K scr[K[K[K[K[K scripts"
[master 13efc62] cleaning script and adding function scripts
 34 files changed, 1741 insertions(+), 6 deletions(-)
 create mode 100644 ownAlgo/.Rproj.user/DF7D4B9A/console06/4D6035FC
 create mode 100644 ownAlgo/.Rproj.user/DF7D4B9A/console06/INDEX001
 create mode 100644 ownAlgo/.Rproj.user/DF7D4B9A/sources/prop/74EAE157
 create mode 100644 ownAlgo/.Rproj.user/DF7D4B9A/sources/prop/BA25C0FF
 create mode 100644 ownAlgo/.Rproj.user/DF7D4B9A/sources/prop/C53C9C30
 create mode 100644 ownAlgo/.Rproj.user/DF7D4B9A/sources/prop/D9FC8003
 create mode 100644 ownAlgo/.Rproj.user/DF7D4B9A/sources/prop/INDEX
 create mode 100644 ownAlgo/.Rproj.user/DF7D4B9A/sources/s-591D9C7A/34C36666
 create mode 100644 ownAlgo/.Rproj.user/DF7D4B9A/sources/s-591D9C7A/34C36666-contents
 create mode 100644 ownAlgo/.Rproj.user/DF7D4B9A/sources/s-591D9C7A/5CCFE050
 create mode 100644 ownAlgo/.Rproj.user/DF7D4B9A/sources/s-591D9C7A/5CCFE050-contents
 create mode 100644 ownAlgo/.Rproj.user/DF7D4B9A/sources/s-591D9C7A/666AF4A3
 create mode 100644 ownAlgo/.Rproj.user/DF7D4B9A/sources/s-591D9C7A/666AF4A3-contents
 create mode 100644 ownAlgo/.Rproj.user/DF7D4B9A/sources/s-591D9C7A/780B03ED
 create mode 100644 ownAlgo/.Rproj.user/DF7D4B9A/sources/s-591D9C7A/780B03ED-contents
 create mode 100644 ownAlgo/.Rproj.user/DF7D4B9A/sources/s-591D9C7A/lock_file
 create mode 100644 ownAlgo/.Rproj.user/shared/notebooks/patch-chunk-names
 create mode 100644 ownAlgo/.Rproj.user/shared/notebooks/paths
 create mode 100644 ownAlgo/Clusters.R
 create mode 100644 ownAlgo/Clusters.Rmd
 create mode 100644 ownAlgo/Clusters.html
 create mode 100644 ownAlgo/cluster2points.R
 create mode 100644 ownAlgo/clusterFunc.R
 create mode 100644 ownAlgo/clusters.rds
 create mode 100644 ownAlgo/data2.rds
 create mode 100644 ownAlgo/extractMissing.R
 create mode 100644 ownAlgo/leastCommonSequence.R
 create mode 100644 ownAlgo/neuralNets.R
 create mode 100644 ownAlgo/ownAlgo.Rproj
 create mode 100644 ownAlgo/rsconnect/documents/Clusters.Rmd/rpubs.com/rpubs/Document.dcf
 create mode 100644 ownAlgo/rsconnect/documents/Clusters.Rmd/rpubs.com/rpubs/Publish Document.dcf
]0;~/Desktop/Academic/Utrecht/year2/thesisFiles/thesis/ownAlgoBoazs-MacBook-Pro:ownAlgo boazsobrado$ git push origin master
Counting objects: 44, done.
Delta compression using up to 4 threads.
Compressing objects:   2% (1/38)   Compressing objects:   5% (2/38)   Compressing objects:   7% (3/38)   Compressing objects:  10% (4/38)   Compressing objects:  13% (5/38)   Compressing objects:  15% (6/38)   Compressing objects:  18% (7/38)   Compressing objects:  21% (8/38)   Compressing objects:  23% (9/38)   Compressing objects:  26% (10/38)   Compressing objects:  28% (11/38)   Compressing objects:  31% (12/38)   Compressing objects:  34% (13/38)   Compressing objects:  36% (14/38)   Compressing objects:  39% (15/38)   Compressing objects:  42% (16/38)   Compressing objects:  44% (17/38)   Compressing objects:  47% (18/38)   Compressing objects:  50% (19/38)   Compressing objects:  52% (20/38)   Compressing objects:  55% (21/38)   Compressing objects:  57% (22/38)   Compressing objects:  60% (23/38)   Compressing objects:  63% (24/38)   Compressing objects:  65% (25/38)   Compressing objects:  68% (26/38)   Compressing objects:  71% (27/38)   Compressing objects:  73% (28/38)   Compressing objects:  76% (29/38)   Compressing objects:  78% (30/38)   Compressing objects:  81% (31/38)   Compressing objects:  84% (32/38)   Compressing objects:  86% (33/38)   Compressing objects:  89% (34/38)   Compressing objects:  92% (35/38)   Compressing objects:  94% (36/38)   Compressing objects:  97% (37/38)   Compressing objects: 100% (38/38)   Compressing objects: 100% (38/38), done.
Writing objects:   2% (1/44)   Writing objects:   4% (2/44)   Writing objects:   6% (3/44)   Writing objects:   9% (4/44)   Writing objects:  11% (5/44)   Writing objects:  13% (6/44)   Writing objects:  15% (7/44)   Writing objects:  18% (8/44)   Writing objects:  20% (9/44)   Writing objects:  22% (10/44)   Writing objects:  25% (11/44)   Writing objects:  27% (12/44)   Writing objects:  29% (13/44)   Writing objects:  31% (14/44)   Writing objects:  34% (15/44)   Writing objects:  36% (16/44)   Writing objects:  40% (18/44)   Writing objects:  43% (19/44)   Writing objects:  47% (21/44)   Writing objects:  50% (22/44)   Writing objects:  52% (23/44)   Writing objects:  54% (24/44)   Writing objects:  56% (25/44)   Writing objects:  59% (26/44)   Writing objects:  63% (28/44)   Writing objects:  65% (29/44)   Writing objects:  68% (30/44)   Writing objects:  70% (31/44)   Writing objects:  72% (32/44)   Writing objects:  75% (33/44)   Writing objects:  77% (34/44)   Writing objects:  79% (35/44)   Writing objects:  81% (36/44)   Writing objects:  84% (37/44)   Writing objects:  86% (38/44)   Writing objects:  88% (39/44)   Writing objects:  90% (40/44)   Writing objects:  93% (41/44)   Writing objects:  95% (42/44)   Writing objects: 100% (44/44)   Writing objects: 100% (44/44), 879.81 KiB | 7.15 MiB/s, done.
Total 44 (delta 9), reused 0 (delta 0)
remote: Resolving deltas:   0% (0/9)   [Kremote: Resolving deltas:  33% (3/9)   [Kremote: Resolving deltas:  44% (4/9)   [Kremote: Resolving deltas:  55% (5/9)   [Kremote: Resolving deltas:  66% (6/9)   [Kremote: Resolving deltas:  77% (7/9)   [Kremote: Resolving deltas:  88% (8/9)   [Kremote: Resolving deltas: 100% (9/9)   [Kremote: Resolving deltas: 100% (9/9), completed with 4 local objects.[K
To https://github.com/sobradob/thesis.git
   5f3963e..13efc62  master -> master
]0;~/Desktop/Academic/Utrecht/year2/thesisFiles/thesis/ownAlgoBoazs-MacBook-Pro:ownAlgo boazsobrado$ git commit = [K[K-m [K[K[K[K[K[K[K[K[K[Kda[K[Kadd -A
]0;~/Desktop/Academic/Utrecht/year2/thesisFiles/thesis/ownAlgoBoazs-MacBook-Pro:ownAlgo boazsobrado$ git commit =m [K[K[K0[K-m"added meg[K[Kergepoints function"
[master fd28c67] added mergepoints function
 14 files changed, 253 insertions(+), 154 deletions(-)
 create mode 100644 ownAlgo/.Rproj.user/DF7D4B9A/console06/4D6035FC.env
 create mode 100644 ownAlgo/.Rproj.user/DF7D4B9A/sources/prop/F81D869A
 create mode 100644 ownAlgo/.Rproj.user/DF7D4B9A/sources/s-591D9C7A/79D75D37
 create mode 100644 ownAlgo/.Rproj.user/DF7D4B9A/sources/s-591D9C7A/79D75D37-contents
 rewrite ownAlgo/Clusters.R (79%)
 create mode 100644 ownAlgo/mergePointsFunc.R
]0;~/Desktop/Academic/Utrecht/year2/thesisFiles/thesis/ownAlgoBoazs-MacBook-Pro:ownAlgo boazsobrado$ git push origin mater
error: src refspec mater does not match any.
error: failed to push some refs to 'https://github.com/sobradob/thesis.git'
]0;~/Desktop/Academic/Utrecht/year2/thesisFiles/thesis/ownAlgoBoazs-MacBook-Pro:ownAlgo boazsobrado$ git push origin mater[K[K[Kster
Counting objects: 23, done.
Delta compression using up to 4 threads.
Compressing objects:   4% (1/22)   Compressing objects:   9% (2/22)   Compressing objects:  13% (3/22)   Compressing objects:  18% (4/22)   Compressing objects:  22% (5/22)   Compressing objects:  27% (6/22)   Compressing objects:  31% (7/22)   Compressing objects:  36% (8/22)   Compressing objects:  40% (9/22)   Compressing objects:  45% (10/22)   Compressing objects:  50% (11/22)   Compressing objects:  54% (12/22)   Compressing objects:  59% (13/22)   Compressing objects:  63% (14/22)   Compressing objects:  68% (15/22)   Compressing objects:  72% (16/22)   Compressing objects:  77% (17/22)   Compressing objects:  81% (18/22)   Compressing objects:  86% (19/22)   Compressing objects:  90% (20/22)   Compressing objects:  95% (21/22)   Compressing objects: 100% (22/22)   Compressing objects: 100% (22/22), done.
Writing objects:   4% (1/23)   Writing objects:   8% (2/23)   Writing objects:  13% (3/23)   Writing objects:  17% (4/23)   Writing objects:  21% (5/23)   Writing objects:  26% (6/23)   Writing objects:  30% (7/23)   Writing objects:  34% (8/23)   Writing objects:  39% (9/23)   Writing objects:  43% (10/23)   Writing objects:  47% (11/23)   Writing objects:  52% (12/23)   Writing objects:  56% (13/23)   Writing objects:  60% (14/23)   Writing objects:  65% (15/23)   Writing objects:  69% (16/23)   Writing objects:  73% (17/23)   Writing objects:  78% (18/23)   Writing objects:  82% (19/23)   Writing objects:  86% (20/23)   Writing objects:  91% (21/23)   Writing objects:  95% (22/23)   Writing objects: 100% (23/23)   Writing objects: 100% (23/23), 5.60 KiB | 150.00 KiB/s, done.
Total 23 (delta 7), reused 0 (delta 0)
remote: Resolving deltas:   0% (0/7)   [Kremote: Resolving deltas:  14% (1/7)   [Kremote: Resolving deltas:  28% (2/7)   [Kremote: Resolving deltas:  42% (3/7)   [Kremote: Resolving deltas:  57% (4/7)   [Kremote: Resolving deltas:  71% (5/7)   [Kremote: Resolving deltas:  85% (6/7)   [Kremote: Resolving deltas: 100% (7/7)   [Kremote: Resolving deltas: 100% (7/7), completed with 6 local objects.[K
To https://github.com/sobradob/thesis.git
   13efc62..fd28c67  master -> master
git status
On branch master
Your branch is up to date with 'origin/master'.

Changes not staged for commit:
  (use "git add/rm <file>..." to update what will be committed)
  (use "git checkout -- <file>..." to discard changes in working directory)

	[31mmodified:   ../.DS_Store[m
	[31mmodified:   .Rproj.user/DF7D4B9A/console06/4D6035FC[m
	[31mmodified:   .Rproj.user/DF7D4B9A/console06/INDEX001[m
	[31mmodified:   .Rproj.user/DF7D4B9A/sources/prop/74EAE157[m
	[31mmodified:   .Rproj.user/DF7D4B9A/sources/prop/BA25C0FF[m
	[31mmodified:   .Rproj.user/DF7D4B9A/sources/prop/C53C9C30[m
	[31mmodified:   .Rproj.user/DF7D4B9A/sources/prop/D9FC8003[m
	[31mmodified:   .Rproj.user/DF7D4B9A/sources/prop/F81D869A[m
	[31mmodified:   .Rproj.user/DF7D4B9A/sources/prop/INDEX[m
	[31mdeleted:    .Rproj.user/DF7D4B9A/sources/s-591D9C7A/34C36666[m
	[31mdeleted:    .Rproj.user/DF7D4B9A/sources/s-591D9C7A/34C36666-contents[m
	[31mdeleted:    .Rproj.user/DF7D4B9A/sources/s-591D9C7A/5CCFE050[m
	[31mdeleted:    .Rproj.user/DF7D4B9A/sources/s-591D9C7A/5CCFE050-contents[m
	[31mdeleted:    .Rproj.user/DF7D4B9A/sources/s-591D9C7A/666AF4A3[m
	[31mdeleted:    .Rproj.user/DF7D4B9A/sources/s-591D9C7A/666AF4A3-contents[m
	[31mdeleted:    .Rproj.user/DF7D4B9A/sources/s-591D9C7A/780B03ED[m
	[31mdeleted:    .Rproj.user/DF7D4B9A/sources/s-591D9C7A/780B03ED-contents[m
	[31mdeleted:    .Rproj.user/DF7D4B9A/sources/s-591D9C7A/79D75D37[m
	[31mdeleted:    .Rproj.user/DF7D4B9A/sources/s-591D9C7A/79D75D37-contents[m
	[31mdeleted:    .Rproj.user/DF7D4B9A/sources/s-591D9C7A/lock_file[m
	[31mmodified:   .Rproj.user/shared/notebooks/paths[m
	[31mmodified:   Clusters.R[m
	[31mmodified:   cluster2points.R[m
	[31mmodified:   extractMissing.R[m
	[31mmodified:   mergePointsFunc.R[m
	[31mmodified:   neuralNets.R[m

Untracked files:
  (use "git add <file>..." to include in what will be committed)

	[31m../manuscript/[m
	[31m.RData[m
	[31m.Rhistory[m
	[31m.Rproj.user/DF7D4B9A/pcs/[m
	[31m.Rproj.user/DF7D4B9A/persistent-state[m
	[31m.Rproj.user/DF7D4B9A/rmd-outputs[m
	[31m.Rproj.user/DF7D4B9A/saved_source_markers[m
	[31m.Rproj.user/DF7D4B9A/sources/prop/11D6DC66[m
	[31m.Rproj.user/DF7D4B9A/sources/prop/1479AA85[m
	[31m.Rproj.user/DF7D4B9A/sources/prop/19E390C4[m
	[31m.Rproj.user/DF7D4B9A/sources/prop/2EF249DA[m
	[31m.Rproj.user/DF7D4B9A/sources/prop/30AF795E[m
	[31m.Rproj.user/DF7D4B9A/sources/prop/500D6A91[m
	[31m.Rproj.user/DF7D4B9A/sources/prop/62098054[m
	[31m.Rproj.user/DF7D4B9A/sources/prop/6C279C6C[m
	[31m.Rproj.user/DF7D4B9A/sources/prop/938188E6[m
	[31m.Rproj.user/DF7D4B9A/sources/prop/AD8BCE0F[m
	[31m.Rproj.user/DF7D4B9A/sources/prop/C858607B[m
	[31m.Rproj.user/DF7D4B9A/sources/prop/C958C62B[m
	[31m.Rproj.user/DF7D4B9A/sources/prop/D3E3AC39[m
	[31m.Rproj.user/DF7D4B9A/sources/prop/E89928E0[m
	[31m.Rproj.user/DF7D4B9A/sources/prop/F9C17205[m
	[31m.Rproj.user/DF7D4B9A/sources/prop/FA792368[m
	[31m.Rproj.user/DF7D4B9A/sources/s-F70253DA/[m
	[31m.Rproj.user/DF7D4B9A/viewer_history/[m
	[31m.Rproj.user/shared/notebooks/2C55126A-manuscript/[m
	[31mbinMeasurementsFunc.R[m
	[31mcheckClusters.R[m
	[31mcheckPathFunc.R[m
	[31mclusterPathFunc.R[m
	[31mdrawPathFunc.R[m
	[31mlatlon2UTMFunc.R[m
	[31mmergePointsRouteFunc.R[m
	[31mpolyLineSplitter.R[m
	[31mspPoints1.R[m
	[31mspacePoints.R[m

no changes added to commit (use "git add" and/or "git commit -a")
]0;~/Desktop/Academic/Utrecht/year2/thesisFiles/thesis/ownAlgoBoazs-MacBook-Pro:ownAlgo boazsobrado$ git p[Kadd =[K-A
