]0;~/Desktop/Academic/Utrecht/year2/thesisFiles/thesis/ownAlgo[?1034hBoazs-MacBook-Pro:ownAlgo boazsobrado$ [KBoazs-MacBook-Pro:ownAlgo boazsobrado$ git status
On branch master
Your branch is up to date with 'origin/master'.

Changes not staged for commit:
  (use "git add <file>..." to update what will be committed)
  (use "git checkout -- <file>..." to discard changes in working directory)

	[31mmodified:   ../.DS_Store[m
	[31mmodified:   points2Path.Rmd[m
	[31mmodified:   points2Path.html[m

Untracked files:
  (use "git add <file>..." to include in what will be committed)

	[31m.Rproj.user/[m
	[31mClusters.R[m
	[31mClusters.Rmd[m
	[31mClusters.html[m
	[31mcluster2points.R[m
	[31mclusterFunc.R[m
	[31mclusters.rds[m
	[31mdata2.rds[m
	[31mextractMissing.R[m
	[31mleastCommonSequence.R[m
	[31mneuralNets.R[m
	[31mownAlgo.Rproj[m
	[31mrsconnect/[m

no changes added to commit (use "git add" and/or "git commit -a")
]0;~/Desktop/Academic/Utrecht/year2/thesisFiles/thesis/ownAlgoBoazs-MacBook-Pro:ownAlgo boazsobrado$ git add -A
]0;~/Desktop/Academic/Utrecht/year2/thesisFiles/thesis/ownAlgoBoazs-MacBook-Pro:ownAlgo boazsobrado$ git commit =m [K[K[K0[K-m "ce[Kleaning script and adding fucn[K[Knctions"[K scr[K[K[K[K[K scripts"
[master 13efc62] cleaning script and adding function scripts
 34 files changed, 1741 insertions(+), 6 deletions(-)
 create mode 100644 ownAlgo/.Rproj.user/DF7D4B9A/console06/4D6035FC
 create mode 100644 ownAlgo/.Rproj.user/DF7D4B9A/console06/INDEX001
 create mode 100644 ownAlgo/.Rproj.user/DF7D4B9A/sources/prop/74EAE157
 create mode 100644 ownAlgo/.Rproj.user/DF7D4B9A/sources/prop/BA25C0FF
 create mode 100644 ownAlgo/.Rproj.user/DF7D4B9A/sources/prop/C53C9C30
 create mode 100644 ownAlgo/.Rproj.user/DF7D4B9A/sources/prop/D9FC8003
 create mode 100644 ownAlgo/.Rproj.user/DF7D4B9A/sources/prop/INDEX
 create mode 100644 ownAlgo/.Rproj.user/DF7D4B9A/sources/s-591D9C7A/34C36666
 create mode 100644 ownAlgo/.Rproj.user/DF7D4B9A/sources/s-591D9C7A/34C36666-contents
 create mode 100644 ownAlgo/.Rproj.user/DF7D4B9A/sources/s-591D9C7A/5CCFE050
 create mode 100644 ownAlgo/.Rproj.user/DF7D4B9A/sources/s-591D9C7A/5CCFE050-contents
 create mode 100644 ownAlgo/.Rproj.user/DF7D4B9A/sources/s-591D9C7A/666AF4A3
 create mode 100644 ownAlgo/.Rproj.user/DF7D4B9A/sources/s-591D9C7A/666AF4A3-contents
 create mode 100644 ownAlgo/.Rproj.user/DF7D4B9A/sources/s-591D9C7A/780B03ED
 create mode 100644 ownAlgo/.Rproj.user/DF7D4B9A/sources/s-591D9C7A/780B03ED-contents
 create mode 100644 ownAlgo/.Rproj.user/DF7D4B9A/sources/s-591D9C7A/lock_file
 create mode 100644 ownAlgo/.Rproj.user/shared/notebooks/patch-chunk-names
 create mode 100644 ownAlgo/.Rproj.user/shared/notebooks/paths
 create mode 100644 ownAlgo/Clusters.R
 create mode 100644 ownAlgo/Clusters.Rmd
 create mode 100644 ownAlgo/Clusters.html
 create mode 100644 ownAlgo/cluster2points.R
 create mode 100644 ownAlgo/clusterFunc.R
 create mode 100644 ownAlgo/clusters.rds
 create mode 100644 ownAlgo/data2.rds
 create mode 100644 ownAlgo/extractMissing.R
 create mode 100644 ownAlgo/leastCommonSequence.R
 create mode 100644 ownAlgo/neuralNets.R
 create mode 100644 ownAlgo/ownAlgo.Rproj
 create mode 100644 ownAlgo/rsconnect/documents/Clusters.Rmd/rpubs.com/rpubs/Document.dcf
 create mode 100644 ownAlgo/rsconnect/documents/Clusters.Rmd/rpubs.com/rpubs/Publish Document.dcf
]0;~/Desktop/Academic/Utrecht/year2/thesisFiles/thesis/ownAlgoBoazs-MacBook-Pro:ownAlgo boazsobrado$ git push origin master
Counting objects: 44, done.
Delta compression using up to 4 threads.
Compressing objects:   2% (1/38)   Compressing objects:   5% (2/38)   Compressing objects:   7% (3/38)   Compressing objects:  10% (4/38)   Compressing objects:  13% (5/38)   Compressing objects:  15% (6/38)   Compressing objects:  18% (7/38)   Compressing objects:  21% (8/38)   Compressing objects:  23% (9/38)   Compressing objects:  26% (10/38)   Compressing objects:  28% (11/38)   Compressing objects:  31% (12/38)   Compressing objects:  34% (13/38)   Compressing objects:  36% (14/38)   Compressing objects:  39% (15/38)   Compressing objects:  42% (16/38)   Compressing objects:  44% (17/38)   Compressing objects:  47% (18/38)   Compressing objects:  50% (19/38)   Compressing objects:  52% (20/38)   Compressing objects:  55% (21/38)   Compressing objects:  57% (22/38)   Compressing objects:  60% (23/38)   Compressing objects:  63% (24/38)   Compressing objects:  65% (25/38)   Compressing objects:  68% (26/38)   Compressing objects:  71% (27/38)   Compressing objects:  73% (28/38)   Compressing objects:  76% (29/38)   Compressing objects:  78% (30/38)   Compressing objects:  81% (31/38)   Compressing objects:  84% (32/38)   Compressing objects:  86% (33/38)   Compressing objects:  89% (34/38)   Compressing objects:  92% (35/38)   Compressing objects:  94% (36/38)   Compressing objects:  97% (37/38)   Compressing objects: 100% (38/38)   Compressing objects: 100% (38/38), done.
Writing objects:   2% (1/44)   Writing objects:   4% (2/44)   Writing objects:   6% (3/44)   Writing objects:   9% (4/44)   Writing objects:  11% (5/44)   Writing objects:  13% (6/44)   Writing objects:  15% (7/44)   Writing objects:  18% (8/44)   Writing objects:  20% (9/44)   Writing objects:  22% (10/44)   Writing objects:  25% (11/44)   Writing objects:  27% (12/44)   Writing objects:  29% (13/44)   Writing objects:  31% (14/44)   Writing objects:  34% (15/44)   Writing objects:  36% (16/44)   Writing objects:  40% (18/44)   Writing objects:  43% (19/44)   Writing objects:  47% (21/44)   Writing objects:  50% (22/44)   Writing objects:  52% (23/44)   Writing objects:  54% (24/44)   Writing objects:  56% (25/44)   Writing objects:  59% (26/44)   Writing objects:  63% (28/44)   Writing objects:  65% (29/44)   Writing objects:  68% (30/44)   Writing objects:  70% (31/44)   Writing objects:  72% (32/44)   Writing objects:  75% (33/44)   Writing objects:  77% (34/44)   Writing objects:  79% (35/44)   Writing objects:  81% (36/44)   Writing objects:  84% (37/44)   Writing objects:  86% (38/44)   Writing objects:  88% (39/44)   Writing objects:  90% (40/44)   Writing objects:  93% (41/44)   Writing objects:  95% (42/44)   Writing objects: 100% (44/44)   Writing objects: 100% (44/44), 879.81 KiB | 7.15 MiB/s, done.
Total 44 (delta 9), reused 0 (delta 0)
remote: Resolving deltas:   0% (0/9)   [Kremote: Resolving deltas:  33% (3/9)   [Kremote: Resolving deltas:  44% (4/9)   [Kremote: Resolving deltas:  55% (5/9)   [Kremote: Resolving deltas:  66% (6/9)   [Kremote: Resolving deltas:  77% (7/9)   [Kremote: Resolving deltas:  88% (8/9)   [Kremote: Resolving deltas: 100% (9/9)   [Kremote: Resolving deltas: 100% (9/9), completed with 4 local objects.[K
To https://github.com/sobradob/thesis.git
   5f3963e..13efc62  master -> master
]0;~/Desktop/Academic/Utrecht/year2/thesisFiles/thesis/ownAlgoBoazs-MacBook-Pro:ownAlgo boazsobrado$ git commit = [K[K-m [K[K[K[K[K[K[K[K[K[Kda[K[Kadd -A
